// Jest Snapshot v1, https://goo.gl/fbAQLP

exports[`<Button /> renders component correclty 1`] = `
.c1 {
  color: #fff;
  font-size: 16px;
}

.c0 {
  outline: none;
  border: none;
  text-align: center;
  background-color: #304FFE;
  padding: 10px 20px;
  border-radius: 8px;
  cursor: pointer;
}

.c0:hover {
  background-color: #1E40FF;
}

.c0:active {
  box-shadow: inset 5px 5px 10px #00000033;
}

<div>
  <button
    class="c0"
  >
    <label
      class="c1"
    >
      Button Test
    </label>
  </button>
</div>
`;
