// Jest Snapshot v1, https://goo.gl/fbAQLP

exports[`<PageHeader /> Renders Component Correctly 1`] = `
.c0 {
  width: 100%;
  height: 40px;
  background-color: #9bceee;
  display: -webkit-box;
  display: -webkit-flex;
  display: -ms-flexbox;
  display: flex;
  border-radius: 8px;
  -webkit-box-pack: center;
  -webkit-justify-content: center;
  -ms-flex-pack: center;
  justify-content: center;
  -webkit-align-items: center;
  -webkit-box-align: center;
  -ms-flex-align: center;
  align-items: center;
}

.c0 .box {
  width: 100%;
}

.c0 .center {
  display: -webkit-box;
  display: -webkit-flex;
  display: -ms-flexbox;
  display: flex;
  -webkit-box-pack: center;
  -webkit-justify-content: center;
  -ms-flex-pack: center;
  justify-content: center;
  -webkit-align-items: center;
  -webkit-box-align: center;
  -ms-flex-align: center;
  align-items: center;
}

<div>
  <nav
    class="c0"
  >
    <div
      class="box left"
    >
      <a
        href="/"
      >
        Back
      </a>
    </div>
    <div
      class="box center"
    >
      할 일 목록
    </div>
    <div
      class="box right"
    />
  </nav>
</div>
`;
