// Jest Snapshot v1, https://goo.gl/fbAQLP

exports[`<App /> renders component correctly 1`] = `
.c2 {
  width: 100%;
  height: 40px;
  background-color: #9bceee;
  display: -webkit-box;
  display: -webkit-flex;
  display: -ms-flexbox;
  display: flex;
  border-radius: 8px;
  -webkit-box-pack: center;
  -webkit-justify-content: center;
  -ms-flex-pack: center;
  justify-content: center;
  -webkit-align-items: center;
  -webkit-box-align: center;
  -ms-flex-align: center;
  align-items: center;
}

.c2 .box {
  width: 100%;
}

.c2 .center {
  display: -webkit-box;
  display: -webkit-flex;
  display: -ms-flexbox;
  display: flex;
  -webkit-box-pack: center;
  -webkit-justify-content: center;
  -ms-flex-pack: center;
  justify-content: center;
  -webkit-align-items: center;
  -webkit-box-align: center;
  -ms-flex-align: center;
  align-items: center;
}

.c4 {
  min-width: 350px;
  height: 400px;
  overflow-y: scroll;
  border: 1px solid #bdbdbd;
  margin-bottom: 20px;
}

.c3 {
  display: -webkit-box;
  display: -webkit-flex;
  display: -ms-flexbox;
  display: flex;
  position: relative;
  -webkit-flex-direction: column;
  -ms-flex-direction: column;
  flex-direction: column;
  -webkit-align-items: center;
  -webkit-box-align: center;
  -ms-flex-align: center;
  align-items: center;
}

.c5 {
  font-size: 20px;
  color: #fff;
  display: -webkit-box;
  display: -webkit-flex;
  display: -ms-flexbox;
  display: flex;
  -webkit-align-items: center;
  -webkit-box-align: center;
  -ms-flex-align: center;
  align-items: center;
  -webkit-box-pack: center;
  -webkit-justify-content: center;
  -ms-flex-pack: center;
  justify-content: center;
  width: 40px;
  height: 40px;
  bottom: -30px;
  border-radius: 30%;
  cursor: pointer;
  background-color: #304ffe;
  box-shadow: 5px 5px 10px rgba(0,0,0,0.2);
  -webkit-text-decoration: none;
  text-decoration: none;
}

.c5:hover {
  background-color: #1e40ff;
}

.c5:active {
  box-shadow: inset 5px 5px 10px rgba(0,0,0,0.2);
}

.c0 {
  width: 100%;
  min-height: 100vh;
  display: -webkit-box;
  display: -webkit-flex;
  display: -ms-flexbox;
  display: flex;
  -webkit-flex-direction: column;
  -ms-flex-direction: column;
  flex-direction: column;
  -webkit-align-items: center;
  -webkit-box-align: center;
  -ms-flex-align: center;
  align-items: center;
  -webkit-box-pack: center;
  -webkit-justify-content: center;
  -ms-flex-pack: center;
  justify-content: center;
}

.c1 {
  max-width: 1024px;
  display: -webkit-box;
  display: -webkit-flex;
  display: -ms-flexbox;
  display: flex;
  -webkit-flex-direction: column;
  -ms-flex-direction: column;
  flex-direction: column;
  background-color: #fff;
  padding: 20px;
  border-radius: 8px;
  box-shadow: 5px 5px 10px rgba(0,0,0,0.2);
  position: relative;
  -webkit-align-content: center;
  -ms-flex-line-pack: center;
  align-content: center;
}

.c1 .error {
  width: 400px;
  height: 450px;
  display: -webkit-box;
  display: -webkit-flex;
  display: -ms-flexbox;
  display: flex;
  -webkit-box-pack: center;
  -webkit-justify-content: center;
  -ms-flex-pack: center;
  justify-content: center;
  -webkit-align-items: center;
  -webkit-box-align: center;
  -ms-flex-align: center;
  align-items: center;
  font-size: 1.3em;
}

<div>
  <div
    class="c0"
  >
    <div
      class="c1"
    >
      <nav
        class="c2"
      >
        <div
          class="box left"
        >
          <a
            href="/"
          >
            Back
          </a>
        </div>
        <div
          class="box center"
        >
          할 일 목록
        </div>
        <div
          class="box right"
        />
      </nav>
      <div
        class="c3"
      >
        <ul
          class="c4"
          data-testid="toDoList"
        />
        <a
          class="c5"
          href="/add"
        >
          +
        </a>
      </div>
    </div>
  </div>
</div>
`;
